0 verbose cli /home/laix/.vite-plus/js_runtime/node/24.21.0/bin/node /home/laix/.vite-plus/js_runtime/node/24.21.0/bin/npm
1 info using npm@11.19.0
2 info using node@v24.21.0
3 silly config load:file:/home/laix/.vite-plus/js_runtime/node/24.21.0/lib/node_modules/npm/npmrc
4 silly config load:file:/home/laix/dsh/dsh-plugin-context/.npmrc
5 silly config load:file:/home/laix/.npmrc
6 silly config load:file:/home/laix/.vite-plus/js_runtime/node/24.21.0/etc/npmrc
7 verbose title npm install
8 verbose argv "install" "--cache" "./.npm-cache" "--no-audit" "--no-fund"
9 verbose logfile logs-max:10 dir:/home/laix/dsh/dsh-plugin-context/.npm-cache/_logs/2026-09-16T17_50_09_809Z-
10 verbose logfile /home/laix/dsh/dsh-plugin-context/.npm-cache/_logs/2026-09-16T17_50_09_809Z-debug-0.log
11 silly logfile done cleaning log files
12 silly packumentCache heap:4496293888 maxSize:1124073472 maxEntrySize:562036736
13 silly idealTree buildDeps
14 silly fetch manifest @types/node@^24.3.0
15 silly packumentCache full:https://registry.npmmirror.com/@types%2fnode cache-miss
16 http fetch GET 200 https://registry.npmmirror.com/npm 226ms
17 http fetch GET 200 https://registry.npmmirror.com/@types%2fnode 308ms (cache miss)
18 silly packumentCache full:https://registry.npmmirror.com/@types%2fnode set size:1173980 disposed:false
19 silly fetch manifest typescript@^5.9.3
20 silly packumentCache full:https://registry.npmmirror.com/typescript cache-miss
21 http fetch GET 200 https://registry.npmmirror.com/typescript 204ms (cache miss)
22 silly packumentCache full:https://registry.npmmirror.com/typescript set size:1720223 disposed:false
23 silly placeDep ROOT @types/node@24.13.5 OK for: dsh-plugin-context@0.1.0 want: ^24.3.0
24 silly placeDep ROOT typescript@5.9.3 OK for: dsh-plugin-context@0.1.0 want: ^5.9.3
25 silly fetch manifest undici-types@~7.18.0
26 silly packumentCache full:https://registry.npmmirror.com/undici-types cache-miss
27 http fetch GET 200 https://registry.npmmirror.com/undici-types 47ms (cache miss)
28 silly packumentCache full:https://registry.npmmirror.com/undici-types set size:49148 disposed:false
29 silly placeDep ROOT undici-types@7.18.2 OK for: @types/node@24.13.5 want: ~7.18.0
30 silly reify moves {}
31 http cache undici-types@https://registry.npmmirror.com/undici-types/-/undici-types-7.18.2.tgz 0ms (cache hit)
32 http cache typescript@https://registry.npmmirror.com/typescript/-/typescript-5.9.3.tgz 0ms (cache hit)
33 silly tarball no local data for undici-types@https://registry.npmmirror.com/undici-types/-/undici-types-7.18.2.tgz. Extracting by manifest.
34 http cache @types/node@https://registry.npmmirror.com/@types/node/-/node-24.13.5.tgz 0ms (cache hit)
35 silly tarball no local data for typescript@https://registry.npmmirror.com/typescript/-/typescript-5.9.3.tgz. Extracting by manifest.
36 silly tarball no local data for @types/node@https://registry.npmmirror.com/@types/node/-/node-24.13.5.tgz. Extracting by manifest.
37 http fetch GET 200 https://cdn.npmmirror.com/packages/undici-types/7.18.2/undici-types-7.18.2.tgz 282ms (cache miss)
38 http fetch GET 200 https://cdn.npmmirror.com/packages/%40types/node/24.13.5/node-24.13.5.tgz 462ms (cache miss)
39 http fetch GET 200 https://cdn.npmmirror.com/packages/typescript/5.9.3/typescript-5.9.3.tgz 741ms (cache miss)
40 verbose stack Error: command failed
40 verbose stack     at promiseSpawn (/home/laix/.vite-plus/js_runtime/node/24.21.0/lib/node_modules/npm/node_modules/@npmcli/promise-spawn/lib/index.js:22:22)
40 verbose stack     at spawnWithShell (/home/laix/.vite-plus/js_runtime/node/24.21.0/lib/node_modules/npm/node_modules/@npmcli/promise-spawn/lib/index.js:124:10)
40 verbose stack     at promiseSpawn (/home/laix/.vite-plus/js_runtime/node/24.21.0/lib/node_modules/npm/node_modules/@npmcli/promise-spawn/lib/index.js:12:12)
40 verbose stack     at runScriptPkg (/home/laix/.vite-plus/js_runtime/node/24.21.0/lib/node_modules/npm/node_modules/@npmcli/run-script/lib/run-script-pkg.js:79:13)
40 verbose stack     at runScript (/home/laix/.vite-plus/js_runtime/node/24.21.0/lib/node_modules/npm/node_modules/@npmcli/run-script/lib/run-script.js:12:10)
40 verbose stack     at async Install.exec (/home/laix/.vite-plus/js_runtime/node/24.21.0/lib/node_modules/npm/lib/commands/install.js:171:9)
40 verbose stack     at async Npm.exec (/home/laix/.vite-plus/js_runtime/node/24.21.0/lib/node_modules/npm/lib/npm.js:193:9)
40 verbose stack     at async module.exports (/home/laix/.vite-plus/js_runtime/node/24.21.0/lib/node_modules/npm/lib/cli/entry.js:67:5)
41 verbose pkgid dsh-plugin-context@0.1.0
42 error code 2
43 error path /home/laix/dsh/dsh-plugin-context
44 error command failed
45 error command sh -c npm run build
46 verbose cwd /home/laix/dsh/dsh-plugin-context
47 verbose os Linux 6.6.114.1-microsoft-standard-WSL2
48 verbose node v24.21.0
49 verbose npm  v11.19.0
50 notice
50 notice New major version of npm available! 11.19.0 -> 12.0.2
50 notice Changelog: https://github.com/npm/cli/releases/tag/v12.0.2
50 notice To update run: npm install -g npm@12.0.2
50 notice  { force: true, Symbol(proc-log.meta): true }
51 verbose exit 2
52 verbose code 2
53 error A complete log of this run can be found in: /home/laix/dsh/dsh-plugin-context/.npm-cache/_logs/2026-09-16T17_50_09_809Z-debug-0.log
